******************************************************************************
             TMS320C2000 Linker PC v22.6.1                     
******************************************************************************
>> Linked Tue Jun 10 21:28:39 2025

OUTPUT FILE NAME:   <FSM.out>
ENTRY POINT SYMBOL: "code_start"  address: 00000000


MEMORY CONFIGURATION

         name            origin    length      used     unused   attr    fill
----------------------  --------  ---------  --------  --------  ----  --------
PAGE 0:
  BEGIN                 00000000   00000002  00000002  00000000  RWIX
  RAMM0                 00000123   000002dd  00000026  000002b7  RWIX
  RAMLS0                00008000   00000800  000005cd  00000233  RWIX
  RAMLS1                00008800   00000800  00000000  00000800  RWIX
  RAMLS2                00009000   00000800  00000000  00000800  RWIX
  RAMLS3                00009800   00000800  00000000  00000800  RWIX
  RAMLS4                0000a000   00000800  00000000  00000800  RWIX
  RAMD0                 0000b000   00000800  00000800  00000000  RWIX
  FLASHA                00080002   00001ffe  00000000  00001ffe  RWIX
  FLASHB                00082000   00002000  00000000  00002000  RWIX
  FLASHC                00084000   00002000  00000000  00002000  RWIX
  FLASHD                00086000   00002000  00000000  00002000  RWIX
  FLASHE                00088000   00008000  00000000  00008000  RWIX
  FLASHF                00090000   00008000  00000000  00008000  RWIX
  FLASHG                00098000   00008000  00000000  00008000  RWIX
  FLASHH                000a0000   00008000  00000000  00008000  RWIX
  FLASHI                000a8000   00008000  00000000  00008000  RWIX
  FLASHJ                000b0000   00008000  00000000  00008000  RWIX
  FLASHK                000b8000   00002000  00000000  00002000  RWIX
  FLASHL                000ba000   00002000  00000000  00002000  RWIX
  FLASHM                000bc000   00002000  00000000  00002000  RWIX
  FLASHN                000be000   00001ff0  00000000  00001ff0  RWIX
  RESET                 003fffc0   00000002  00000000  00000002  RWIX

PAGE 1:
  BOOT_RSVD             00000002   00000121  00000000  00000121  RWIX
  RAMM1                 00000400   000003f8  00000100  000002f8  RWIX
  RAMLS5                0000a800   00000800  00000245  000005bb  RWIX
  RAMD1                 0000b800   00000800  00000000  00000800  RWIX
  RAMGS0                0000c000   00001000  00000000  00001000  RWIX
  RAMGS1                0000d000   00001000  00000000  00001000  RWIX
  RAMGS2                0000e000   00001000  00000000  00001000  RWIX
  RAMGS3                0000f000   00001000  00000000  00001000  RWIX
  RAMGS4                00010000   00001000  00000000  00001000  RWIX
  RAMGS5                00011000   00001000  00000000  00001000  RWIX
  RAMGS6                00012000   00001000  00000000  00001000  RWIX
  RAMGS7                00013000   00001000  00000000  00001000  RWIX
  RAMGS8                00014000   00001000  00000000  00001000  RWIX
  RAMGS9                00015000   00001000  00000000  00001000  RWIX
  RAMGS10               00016000   00001000  00000000  00001000  RWIX
  RAMGS11               00017000   00001000  00000000  00001000  RWIX
  RAMGS12               00018000   00001000  00000000  00001000  RWIX
  RAMGS13               00019000   00001000  00000000  00001000  RWIX
  RAMGS14               0001a000   00001000  00000000  00001000  RWIX
  RAMGS15               0001b000   00000ff8  00000000  00000ff8  RWIX
  CPU2TOCPU1RAM         0003f800   00000400  00000000  00000400  RWIX
  CPU1TOCPU2RAM         0003fc00   00000400  00000000  00000400  RWIX
  CANA_MSG_RAM          00049000   00000800  00000000  00000800  RWIX
  CANB_MSG_RAM          0004b000   00000800  00000000  00000800  RWIX


SECTION ALLOCATION MAP

 output                                  attributes/
section   page    origin      length       input sections
--------  ----  ----------  ----------   ----------------
codestart 
*          0    00000000    00000002     
                  00000000    00000002     F2837xD_CodeStartBranch.obj (codestart)

.cinit     0    00000128    00000022     
                  00000128    0000001a     (.cinit..data.load) [load image, compression = lzss]
                  00000142    00000004     (__TI_handler_table)
                  00000146    00000004     (__TI_cinit_table)

.reset     0    003fffc0    00000000     DSECT

.stack     1    00000400    00000100     UNINITIALIZED
                  00000400    00000100     --HOLE--

.init_array 
*          0    00000123    00000000     UNINITIALIZED

.const     1    0000a800    00000219     
                  0000a800    000000c2     driverlib_eabi.lib : sysctl.obj (.const:.string)
                  0000a8c2    000000bc                        : gpio.obj (.const:.string)
                  0000a97e    00000044     fsm.obj (.const:.string)
                  0000a9c2    00000044     main.obj (.const:.string)
                  0000aa06    00000013     device.obj (.const:.string)

.data      1    0000aa1a    0000002c     UNINITIALIZED
                  0000aa1a    00000010     fsm.obj (.data:g_stateHandlers)
                  0000aa2a    0000000c     fsm.obj (.data)
                  0000aa36    00000006     device.obj (.data)
                  0000aa3c    00000002     rts2800_fpu32_eabi.lib : _lock.c.obj (.data:_lock)
                  0000aa3e    00000002                            : _lock.c.obj (.data:_unlock)
                  0000aa40    00000006                            : exit.c.obj (.data)

.TI.ramfunc 
*          0    00000123    00000004     
                  00000123    00000004     driverlib_eabi.lib : sysctl.obj (.TI.ramfunc)

GETBUFFER 
*          0    0003f800    00000000     DSECT

GETWRITEIDX 
*          0    0003f800    00000000     DSECT

PUTREADIDX 
*          0    0003f800    00000000     DSECT

.text.1    0    00008000    000005cd     
                  00008000    00000090     driverlib_eabi.lib : sysctl.obj (.text:SysCtl_selectXTAL)
                  00008090    00000088     rts2800_fpu32_eabi.lib : fs_div28.asm.obj (.text)
                  00008118    0000006c     main.obj (.text)
                  00008184    00000068     driverlib_eabi.lib : sysctl.obj (.text:SysCtl_getDeviceParametric)
                  000081ec    00000051                        : sysctl.obj (.text:SysCtl_getClock)
                  0000823d    00000048                        : sysctl.obj (.text:SysCtl_selectOscSource)
                  00008285    0000003d                        : interrupt.obj (.text:Interrupt_initModule)
                  000082c2    00000037                        : gpio.obj (.text:GPIO_setControllerCore)
                  000082f9    00000037                        : gpio.obj (.text:GPIO_setPinConfig)
                  00008330    00000037                        : gpio.obj (.text:GPIO_setQualificationMode)
                  00008367    00000031                        : gpio.obj (.text:GPIO_setDirectionMode)
                  00008398    00000030     rts2800_fpu32_eabi.lib : copy_decompress_lzss.c.obj (.text:decompress:lzss)
                  000083c8    0000002b                            : autoinit.c.obj (.text:__TI_auto_init_nobinit_nopinit)
                  000083f3    00000029                            : exit.c.obj (.text)
                  0000841c    00000028     driverlib_eabi.lib : sysctl.obj (.text:CPUTimer_selectClockSource)
                  00008444    0000001f                        : sysctl.obj (.text:CPUTimer_getTimerOverflowStatus)
                  00008463    0000001e                        : interrupt.obj (.text:Interrupt_initVectorTable)
                  00008481    0000001d     rts2800_fpu32_eabi.lib : memcpy.c.obj (.text)
                  0000849e    0000001a     driverlib_eabi.lib : sysctl.obj (.text:CPUTimer_startTimer)
                  000084b8    0000001a                        : sysctl.obj (.text:SysCtl_getLowSpeedClock)
                  000084d2    00000017                        : sysctl.obj (.text:CPUTimer_isBaseValid)
                  000084e9    00000017     rts2800_fpu32_eabi.lib : boot28.asm.obj (.text)
                  00008500    00000016     driverlib_eabi.lib : interrupt.obj (.text:Interrupt_defaultHandler)
                  00008516    00000014                        : sysctl.obj (.text:CPUTimer_stopTimer)
                  0000852a    00000012                        : sysctl.obj (.text:CPUTimer_disableInterrupt)
                  0000853c    00000011                        : sysctl.obj (.text:CPUTimer_setPeriod)
                  0000854d    0000000f                        : sysctl.obj (.text:SysCtl_pollCpuTimer)
                  0000855c    0000000e                        : gpio.obj (.text:GPIO_isPinValid)
                  0000856a    0000000d                        : interrupt.obj (.text:Interrupt_disableGlobal)
                  00008577    0000000c     rts2800_fpu32_eabi.lib : args_main.c.obj (.text)
                  00008583    0000000b     driverlib_eabi.lib : sysctl.obj (.text:SysCtl_isMCDClockFailureDetected)
                  0000858e    0000000a                        : interrupt.obj (.text:Interrupt_illegalOperationHandler)
                  00008598    0000000a                        : interrupt.obj (.text:Interrupt_nmiHandler)
                  000085a2    00000009                        : sysctl.obj (.text:SysCtl_serviceWatchdog)
                  000085ab    00000009     rts2800_fpu32_eabi.lib : _lock.c.obj (.text)
                  000085b4    00000008     F2837xD_CodeStartBranch.obj (.text)
                  000085bc    00000008     rts2800_fpu32_eabi.lib : copy_decompress_none.c.obj (.text:decompress:none)
                  000085c4    00000007     driverlib_eabi.lib : sysctl.obj (.text:SysCtl_resetMCD)
                  000085cb    00000002     rts2800_fpu32_eabi.lib : pre_init.c.obj (.text)

.text.2    0    0000b000    00000800     
                  0000b000    000003ff     device.obj (.text)
                  0000b3ff    00000209     driverlib_eabi.lib : sysctl.obj (.text:SysCtl_setClock)
                  0000b608    00000193     fsm.obj (.text)
                  0000b79b    00000052     driverlib_eabi.lib : gpio.obj (.text:GPIO_setPadConfig)
                  0000b7ed    00000012                        : sysctl.obj (.text:CPUTimer_clearOverflowFlag)
                  0000b7ff    00000001     rts2800_fpu32_eabi.lib : startup.c.obj (.text)

MODULE SUMMARY

       Module                        code   ro data   rw data
       ------                        ----   -------   -------
    .\
       main.obj                      108    68        0      
    +--+-----------------------------+------+---------+---------+
       Total:                        108    68        0      
                                                             
    .\device\
       device.obj                    1023   19        6      
       F2837xD_CodeStartBranch.obj   10     0         0      
    +--+-----------------------------+------+---------+---------+
       Total:                        1033   19        6      
                                                             
    .\src\
       fsm.obj                       403    68        28     
    +--+-----------------------------+------+---------+---------+
       Total:                        403    68        28     
                                                             
    C:\ti\c2000\C2000Ware_5_04_00_00\driverlib\f2837xd\driverlib\ccs\Debug\driverlib_eabi.lib
       sysctl.obj                    1187   194       0      
       gpio.obj                      310    188       0      
       interrupt.obj                 146    0         0      
    +--+-----------------------------+------+---------+---------+
       Total:                        1643   382       0      
                                                             
    C:\ti\ccs1281\ccs\tools\compiler\ti-cgt-c2000_22.6.1.LTS\lib\rts2800_fpu32_eabi.lib
       fs_div28.asm.obj              136    0         0      
       copy_decompress_lzss.c.obj    48     0         0      
       exit.c.obj                    41     0         6      
       autoinit.c.obj                43     0         0      
       memcpy.c.obj                  29     0         0      
       boot28.asm.obj                23     0         0      
       _lock.c.obj                   9      0         4      
       args_main.c.obj               12     0         0      
       copy_decompress_none.c.obj    8      0         0      
       pre_init.c.obj                2      0         0      
       startup.c.obj                 1      0         0      
    +--+-----------------------------+------+---------+---------+
       Total:                        352    0         10     
                                                             
       Stack:                        0      0         256    
       Linker Generated:             0      34        0      
    +--+-----------------------------+------+---------+---------+
       Grand Total:                  3539   571       300    


LINKER GENERATED COPY TABLES

__TI_cinit_table @ 00000146 records: 1, size/record: 4, table size: 4
	.data: load addr=00000128, load size=0000001a bytes, run addr=0000aa1a, run size=0000002c bytes, compression=lzss


LINKER GENERATED HANDLER TABLE

__TI_handler_table @ 00000142 records: 2, size/record: 2, table size: 4
	index: 0, handler: __TI_decompress_lzss
	index: 1, handler: __TI_decompress_none


GLOBAL DATA SYMBOLS: SORTED BY DATA PAGE

address     data page           name
--------    ----------------    ----
00000400      10 (00000400)     __stack

0000aa2a     2a8 (0000aa00)     g_converterState
0000aa2b     2a8 (0000aa00)     g_faultFlags
0000aa34     2a8 (0000aa00)     g_operationCounter
0000aa36     2a8 (0000aa00)     Example_Result
0000aa38     2a8 (0000aa00)     Example_PassCount
0000aa3a     2a8 (0000aa00)     Example_Fail
0000aa3c     2a8 (0000aa00)     _lock
0000aa3e     2a8 (0000aa00)     _unlock

0000aa40     2a9 (0000aa40)     __TI_enable_exit_profile_output
0000aa42     2a9 (0000aa40)     __TI_cleanup_ptr
0000aa44     2a9 (0000aa40)     __TI_dtors_ptr


GLOBAL SYMBOLS: SORTED ALPHABETICALLY BY Name 

page  address   name                                     
----  -------   ----                                     
0     000083f3  C$$EXIT                                  
0     0000b273  Device_bootCPU2                          
0     0000b242  Device_configureTMXAnalogTrim            
0     0000b0f0  Device_enableAllPeripherals              
0     0000b22c  Device_enableUnbondedGPIOPullups         
0     0000b20f  Device_enableUnbondedGPIOPullupsFor100Pin
0     0000b1fc  Device_enableUnbondedGPIOPullupsFor176Pin
0     0000b0ae  Device_init                              
0     0000b1db  Device_initGPIO                          
1     0000aa3a  Example_Fail                             
1     0000aa38  Example_PassCount                        
1     0000aa36  Example_Result                           
0     0000b3fe  Example_done                             
0     0000b3f9  Example_setResultFail                    
0     0000b3f4  Example_setResultPass                    
0     0000b63d  FSM_Init                                 
0     0000b64b  FSM_RunCycle                             
0     000082c2  GPIO_setControllerCore                   
0     00008367  GPIO_setDirectionMode                    
0     0000b79b  GPIO_setPadConfig                        
0     000082f9  GPIO_setPinConfig                        
0     00008330  GPIO_setQualificationMode                
0     00008500  Interrupt_defaultHandler                 
0     0000858e  Interrupt_illegalOperationHandler        
0     00008285  Interrupt_initModule                     
0     00008463  Interrupt_initVectorTable                
0     00008598  Interrupt_nmiHandler                     
0     00000123  SysCtl_delay                             
0     000081ec  SysCtl_getClock                          
0     00008184  SysCtl_getDeviceParametric               
0     000084b8  SysCtl_getLowSpeedClock                  
0     0000823d  SysCtl_selectOscSource                   
0     00008000  SysCtl_selectXTAL                        
0     0000b3ff  SysCtl_setClock                          
0     00000146  __TI_CINIT_Base                          
0     0000014a  __TI_CINIT_Limit                         
0     0000014a  __TI_CINIT_Warm                          
0     00000142  __TI_Handler_Table_Base                  
0     00000146  __TI_Handler_Table_Limit                 
1     00000500  __TI_STACK_END                           
abs   00000100  __TI_STACK_SIZE                          
0     000083c8  __TI_auto_init_nobinit_nopinit           
1     0000aa42  __TI_cleanup_ptr                         
0     00008398  __TI_decompress_lzss                     
0     000085bc  __TI_decompress_none                     
1     0000aa44  __TI_dtors_ptr                           
1     0000aa40  __TI_enable_exit_profile_output          
abs   ffffffff  __TI_pprof_out_hndl                      
abs   ffffffff  __TI_prof_data_size                      
abs   ffffffff  __TI_prof_data_start                     
0     00008090  __c28xabi_divf                           
n/a   UNDEFED   __c_args__                               
0     0000b3ed  __error__                                
1     00000400  __stack                                  
0     00008577  _args_main                               
0     000084e9  _c_int00                                 
1     0000aa3c  _lock                                    
0     000085b3  _nop                                     
0     000085af  _register_lock                           
0     000085ab  _register_unlock                         
0     0000b7ff  _system_post_cinit                       
0     000085cb  _system_pre_init                         
1     0000aa3e  _unlock                                  
0     000083f3  abort                                    
0     00000000  code_start                               
0     000083f5  exit                                     
1     0000aa2a  g_converterState                         
1     0000aa2b  g_faultFlags                             
1     0000aa34  g_operationCounter                       
0     00008165  initLEDGPIO                              
0     0000814d  main                                     
0     00008481  memcpy                                   


GLOBAL SYMBOLS: SORTED BY Symbol Address 

page  address   name                                     
----  -------   ----                                     
0     00000000  code_start                               
0     00000123  SysCtl_delay                             
0     00000142  __TI_Handler_Table_Base                  
0     00000146  __TI_CINIT_Base                          
0     00000146  __TI_Handler_Table_Limit                 
0     0000014a  __TI_CINIT_Limit                         
0     0000014a  __TI_CINIT_Warm                          
0     00008000  SysCtl_selectXTAL                        
0     00008090  __c28xabi_divf                           
0     0000814d  main                                     
0     00008165  initLEDGPIO                              
0     00008184  SysCtl_getDeviceParametric               
0     000081ec  SysCtl_getClock                          
0     0000823d  SysCtl_selectOscSource                   
0     00008285  Interrupt_initModule                     
0     000082c2  GPIO_setControllerCore                   
0     000082f9  GPIO_setPinConfig                        
0     00008330  GPIO_setQualificationMode                
0     00008367  GPIO_setDirectionMode                    
0     00008398  __TI_decompress_lzss                     
0     000083c8  __TI_auto_init_nobinit_nopinit           
0     000083f3  C$$EXIT                                  
0     000083f3  abort                                    
0     000083f5  exit                                     
0     00008463  Interrupt_initVectorTable                
0     00008481  memcpy                                   
0     000084b8  SysCtl_getLowSpeedClock                  
0     000084e9  _c_int00                                 
0     00008500  Interrupt_defaultHandler                 
0     00008577  _args_main                               
0     0000858e  Interrupt_illegalOperationHandler        
0     00008598  Interrupt_nmiHandler                     
0     000085ab  _register_unlock                         
0     000085af  _register_lock                           
0     000085b3  _nop                                     
0     000085bc  __TI_decompress_none                     
0     000085cb  _system_pre_init                         
0     0000b0ae  Device_init                              
0     0000b0f0  Device_enableAllPeripherals              
0     0000b1db  Device_initGPIO                          
0     0000b1fc  Device_enableUnbondedGPIOPullupsFor176Pin
0     0000b20f  Device_enableUnbondedGPIOPullupsFor100Pin
0     0000b22c  Device_enableUnbondedGPIOPullups         
0     0000b242  Device_configureTMXAnalogTrim            
0     0000b273  Device_bootCPU2                          
0     0000b3ed  __error__                                
0     0000b3f4  Example_setResultPass                    
0     0000b3f9  Example_setResultFail                    
0     0000b3fe  Example_done                             
0     0000b3ff  SysCtl_setClock                          
0     0000b63d  FSM_Init                                 
0     0000b64b  FSM_RunCycle                             
0     0000b79b  GPIO_setPadConfig                        
0     0000b7ff  _system_post_cinit                       
1     00000400  __stack                                  
1     00000500  __TI_STACK_END                           
1     0000aa2a  g_converterState                         
1     0000aa2b  g_faultFlags                             
1     0000aa34  g_operationCounter                       
1     0000aa36  Example_Result                           
1     0000aa38  Example_PassCount                        
1     0000aa3a  Example_Fail                             
1     0000aa3c  _lock                                    
1     0000aa3e  _unlock                                  
1     0000aa40  __TI_enable_exit_profile_output          
1     0000aa42  __TI_cleanup_ptr                         
1     0000aa44  __TI_dtors_ptr                           
abs   00000100  __TI_STACK_SIZE                          
abs   ffffffff  __TI_pprof_out_hndl                      
abs   ffffffff  __TI_prof_data_size                      
abs   ffffffff  __TI_prof_data_start                     
n/a   UNDEFED   __c_args__                               

[72 symbols]
