******************************************************************************
             TMS320C2000 Linker PC v22.6.1                     
******************************************************************************
>> Linked Tue Jun 10 16:18:24 2025

OUTPUT FILE NAME:   <FSM.out>
ENTRY POINT SYMBOL: "code_start"  address: 00000000


MEMORY CONFIGURATION

         name            origin    length      used     unused   attr    fill
----------------------  --------  ---------  --------  --------  ----  --------
PAGE 0:
  BEGIN                 00000000   00000002  00000002  00000000  RWIX
  RAMM0                 00000123   000002dd  00000026  000002b7  RWIX
  RAMLS0                00008000   00000800  0000048f  00000371  RWIX
  RAMLS1                00008800   00000800  00000000  00000800  RWIX
  RAMLS2                00009000   00000800  00000000  00000800  RWIX
  RAMLS3                00009800   00000800  00000000  00000800  RWIX
  RAMLS4                0000a000   00000800  00000000  00000800  RWIX
  RAMD0                 0000b000   00000800  000007fe  00000002  RWIX
  FLASHA                00080002   00001ffe  00000000  00001ffe  RWIX
  FLASHB                00082000   00002000  00000000  00002000  RWIX
  FLASHC                00084000   00002000  00000000  00002000  RWIX
  FLASHD                00086000   00002000  00000000  00002000  RWIX
  FLASHE                00088000   00008000  00000000  00008000  RWIX
  FLASHF                00090000   00008000  00000000  00008000  RWIX
  FLASHG                00098000   00008000  00000000  00008000  RWIX
  FLASHH                000a0000   00008000  00000000  00008000  RWIX
  FLASHI                000a8000   00008000  00000000  00008000  RWIX
  FLASHJ                000b0000   00008000  00000000  00008000  RWIX
  FLASHK                000b8000   00002000  00000000  00002000  RWIX
  FLASHL                000ba000   00002000  00000000  00002000  RWIX
  FLASHM                000bc000   00002000  00000000  00002000  RWIX
  FLASHN                000be000   00001ff0  00000000  00001ff0  RWIX
  RESET                 003fffc0   00000002  00000000  00000002  RWIX

PAGE 1:
  BOOT_RSVD             00000002   00000121  00000000  00000121  RWIX
  RAMM1                 00000400   000003f8  00000100  000002f8  RWIX
  RAMLS5                0000a800   00000800  000001bd  00000643  RWIX
  RAMD1                 0000b800   00000800  00000000  00000800  RWIX
  RAMGS0                0000c000   00001000  00000000  00001000  RWIX
  RAMGS1                0000d000   00001000  00000000  00001000  RWIX
  RAMGS2                0000e000   00001000  00000000  00001000  RWIX
  RAMGS3                0000f000   00001000  00000000  00001000  RWIX
  RAMGS4                00010000   00001000  00000000  00001000  RWIX
  RAMGS5                00011000   00001000  00000000  00001000  RWIX
  RAMGS6                00012000   00001000  00000000  00001000  RWIX
  RAMGS7                00013000   00001000  00000000  00001000  RWIX
  RAMGS8                00014000   00001000  00000000  00001000  RWIX
  RAMGS9                00015000   00001000  00000000  00001000  RWIX
  RAMGS10               00016000   00001000  00000000  00001000  RWIX
  RAMGS11               00017000   00001000  00000000  00001000  RWIX
  RAMGS12               00018000   00001000  00000000  00001000  RWIX
  RAMGS13               00019000   00001000  00000000  00001000  RWIX
  RAMGS14               0001a000   00001000  00000000  00001000  RWIX
  RAMGS15               0001b000   00000ff8  00000000  00000ff8  RWIX
  CPU2TOCPU1RAM         0003f800   00000400  00000000  00000400  RWIX
  CPU1TOCPU2RAM         0003fc00   00000400  00000000  00000400  RWIX
  CANA_MSG_RAM          00049000   00000800  00000000  00000800  RWIX
  CANB_MSG_RAM          0004b000   00000800  00000000  00000800  RWIX


SECTION ALLOCATION MAP

 output                                  attributes/
section   page    origin      length       input sections
--------  ----  ----------  ----------   ----------------
codestart 
*          0    00000000    00000002     
                  00000000    00000002     F2837xD_CodeStartBranch.obj (codestart)

.cinit     0    00000128    00000022     
                  00000128    00000019     (.cinit..data.load) [load image, compression = lzss]
                  00000141    00000001     --HOLE-- [fill = 0]
                  00000142    00000004     (__TI_handler_table)
                  00000146    00000004     (__TI_cinit_table)

.reset     0    003fffc0    00000000     DSECT

.stack     1    00000400    00000100     UNINITIALIZED
                  00000400    00000100     --HOLE--

.init_array 
*          0    00000123    00000000     UNINITIALIZED

.const     1    0000a800    00000191     
                  0000a800    000000c2     driverlib_eabi.lib : sysctl.obj (.const:.string)
                  0000a8c2    000000bc                        : gpio.obj (.const:.string)
                  0000a97e    00000013     device.obj (.const:.string)

.data      1    0000a992    0000002c     UNINITIALIZED
                  0000a992    00000010     fsm.obj (.data:g_stateHandlers)
                  0000a9a2    0000000c     fsm.obj (.data)
                  0000a9ae    00000006     device.obj (.data)
                  0000a9b4    00000006     rts2800_fpu32_eabi.lib : exit.c.obj (.data)
                  0000a9ba    00000002                            : _lock.c.obj (.data:_lock)
                  0000a9bc    00000002                            : _lock.c.obj (.data:_unlock)

.TI.ramfunc 
*          0    00000123    00000004     
                  00000123    00000004     driverlib_eabi.lib : sysctl.obj (.TI.ramfunc)

GETBUFFER 
*          0    0003f800    00000000     DSECT

GETWRITEIDX 
*          0    0003f800    00000000     DSECT

PUTREADIDX 
*          0    0003f800    00000000     DSECT

.text.1    0    00008000    0000048f     
                  00008000    00000088     rts2800_fpu32_eabi.lib : fs_div28.asm.obj (.text)
                  00008088    00000051     driverlib_eabi.lib : sysctl.obj (.text:SysCtl_getClock)
                  000080d9    00000048                        : sysctl.obj (.text:SysCtl_selectOscSource)
                  00008121    0000003d                        : interrupt.obj (.text:Interrupt_initModule)
                  0000815e    00000037                        : gpio.obj (.text:GPIO_setControllerCore)
                  00008195    00000037                        : gpio.obj (.text:GPIO_setPinConfig)
                  000081cc    00000037                        : gpio.obj (.text:GPIO_setQualificationMode)
                  00008203    00000031                        : gpio.obj (.text:GPIO_setDirectionMode)
                  00008234    00000030     rts2800_fpu32_eabi.lib : copy_decompress_lzss.c.obj (.text:decompress:lzss)
                  00008264    0000002b                            : autoinit.c.obj (.text:__TI_auto_init_nobinit_nopinit)
                  0000828f    00000029                            : exit.c.obj (.text)
                  000082b8    00000028     driverlib_eabi.lib : sysctl.obj (.text:CPUTimer_selectClockSource)
                  000082e0    0000001f                        : sysctl.obj (.text:CPUTimer_getTimerOverflowStatus)
                  000082ff    0000001e                        : interrupt.obj (.text:Interrupt_initVectorTable)
                  0000831d    0000001d     rts2800_fpu32_eabi.lib : memcpy.c.obj (.text)
                  0000833a    0000001a     driverlib_eabi.lib : sysctl.obj (.text:CPUTimer_startTimer)
                  00008354    0000001a                        : sysctl.obj (.text:SysCtl_getLowSpeedClock)
                  0000836e    00000017                        : sysctl.obj (.text:CPUTimer_isBaseValid)
                  00008385    00000017     rts2800_fpu32_eabi.lib : boot28.asm.obj (.text)
                  0000839c    00000016     driverlib_eabi.lib : interrupt.obj (.text:Interrupt_defaultHandler)
                  000083b2    00000016     main.obj (.text)
                  000083c8    00000014     driverlib_eabi.lib : sysctl.obj (.text:CPUTimer_stopTimer)
                  000083dc    00000012                        : sysctl.obj (.text:CPUTimer_clearOverflowFlag)
                  000083ee    00000012                        : sysctl.obj (.text:CPUTimer_disableInterrupt)
                  00008400    00000011                        : sysctl.obj (.text:CPUTimer_setPeriod)
                  00008411    0000000f                        : sysctl.obj (.text:SysCtl_pollCpuTimer)
                  00008420    0000000e                        : gpio.obj (.text:GPIO_isPinValid)
                  0000842e    0000000d                        : interrupt.obj (.text:Interrupt_disableGlobal)
                  0000843b    0000000c     rts2800_fpu32_eabi.lib : args_main.c.obj (.text)
                  00008447    0000000b     driverlib_eabi.lib : sysctl.obj (.text:SysCtl_isMCDClockFailureDetected)
                  00008452    0000000a                        : interrupt.obj (.text:Interrupt_illegalOperationHandler)
                  0000845c    0000000a                        : interrupt.obj (.text:Interrupt_nmiHandler)
                  00008466    00000009                        : sysctl.obj (.text:SysCtl_serviceWatchdog)
                  0000846f    00000009     rts2800_fpu32_eabi.lib : _lock.c.obj (.text)
                  00008478    00000008     F2837xD_CodeStartBranch.obj (.text)
                  00008480    00000008     rts2800_fpu32_eabi.lib : copy_decompress_none.c.obj (.text:decompress:none)
                  00008488    00000007     driverlib_eabi.lib : sysctl.obj (.text:SysCtl_resetMCD)

.text.2    0    0000b000    000007fe     
                  0000b000    000003ff     device.obj (.text)
                  0000b3ff    00000209     driverlib_eabi.lib : sysctl.obj (.text:SysCtl_setClock)
                  0000b608    000000fb     fsm.obj (.text)
                  0000b703    00000090     driverlib_eabi.lib : sysctl.obj (.text:SysCtl_selectXTAL)
                  0000b793    00000068                        : sysctl.obj (.text:SysCtl_getDeviceParametric)
                  0000b7fb    00000002     rts2800_fpu32_eabi.lib : pre_init.c.obj (.text)
                  0000b7fd    00000001                            : startup.c.obj (.text)

MODULE SUMMARY

       Module                        code   ro data   rw data
       ------                        ----   -------   -------
    .\
       main.obj                      22     0         0      
    +--+-----------------------------+------+---------+---------+
       Total:                        22     0         0      
                                                             
    .\device\
       device.obj                    1023   19        6      
       F2837xD_CodeStartBranch.obj   10     0         0      
    +--+-----------------------------+------+---------+---------+
       Total:                        1033   19        6      
                                                             
    .\src\
       fsm.obj                       251    0         28     
    +--+-----------------------------+------+---------+---------+
       Total:                        251    0         28     
                                                             
    C:\ti\c2000\C2000Ware_5_04_00_00\driverlib\f2837xd\driverlib\ccs\Debug\driverlib_eabi.lib
       sysctl.obj                    1187   194       0      
       gpio.obj                      228    188       0      
       interrupt.obj                 146    0         0      
    +--+-----------------------------+------+---------+---------+
       Total:                        1561   382       0      
                                                             
    C:\ti\ccs1281\ccs\tools\compiler\ti-cgt-c2000_22.6.1.LTS\lib\rts2800_fpu32_eabi.lib
       fs_div28.asm.obj              136    0         0      
       copy_decompress_lzss.c.obj    48     0         0      
       exit.c.obj                    41     0         6      
       autoinit.c.obj                43     0         0      
       memcpy.c.obj                  29     0         0      
       boot28.asm.obj                23     0         0      
       _lock.c.obj                   9      0         4      
       args_main.c.obj               12     0         0      
       copy_decompress_none.c.obj    8      0         0      
       pre_init.c.obj                2      0         0      
       startup.c.obj                 1      0         0      
    +--+-----------------------------+------+---------+---------+
       Total:                        352    0         10     
                                                             
       Stack:                        0      0         256    
       Linker Generated:             0      33        0      
    +--+-----------------------------+------+---------+---------+
       Grand Total:                  3219   434       300    


LINKER GENERATED COPY TABLES

__TI_cinit_table @ 00000146 records: 1, size/record: 4, table size: 4
	.data: load addr=00000128, load size=00000019 bytes, run addr=0000a992, run size=0000002c bytes, compression=lzss


LINKER GENERATED HANDLER TABLE

__TI_handler_table @ 00000142 records: 2, size/record: 2, table size: 4
	index: 0, handler: __TI_decompress_lzss
	index: 1, handler: __TI_decompress_none


GLOBAL DATA SYMBOLS: SORTED BY DATA PAGE

address     data page           name
--------    ----------------    ----
00000400      10 (00000400)     __stack

0000a9a2     2a6 (0000a980)     g_converterState
0000a9a3     2a6 (0000a980)     g_faultFlags
0000a9ac     2a6 (0000a980)     g_operationCounter
0000a9ae     2a6 (0000a980)     Example_Result
0000a9b0     2a6 (0000a980)     Example_PassCount
0000a9b2     2a6 (0000a980)     Example_Fail
0000a9b4     2a6 (0000a980)     __TI_enable_exit_profile_output
0000a9b6     2a6 (0000a980)     __TI_cleanup_ptr
0000a9b8     2a6 (0000a980)     __TI_dtors_ptr
0000a9ba     2a6 (0000a980)     _lock
0000a9bc     2a6 (0000a980)     _unlock


GLOBAL SYMBOLS: SORTED ALPHABETICALLY BY Name 

page  address   name                                     
----  -------   ----                                     
0     0000828f  C$$EXIT                                  
0     0000b273  Device_bootCPU2                          
0     0000b242  Device_configureTMXAnalogTrim            
0     0000b0f0  Device_enableAllPeripherals              
0     0000b22c  Device_enableUnbondedGPIOPullups         
0     0000b20f  Device_enableUnbondedGPIOPullupsFor100Pin
0     0000b1fc  Device_enableUnbondedGPIOPullupsFor176Pin
0     0000b0ae  Device_init                              
0     0000b1db  Device_initGPIO                          
1     0000a9b2  Example_Fail                             
1     0000a9b0  Example_PassCount                        
1     0000a9ae  Example_Result                           
0     0000b3fe  Example_done                             
0     0000b3f9  Example_setResultFail                    
0     0000b3f4  Example_setResultPass                    
0     0000b608  FSM_Init                                 
0     0000b616  FSM_RunCycle                             
0     0000815e  GPIO_setControllerCore                   
0     00008203  GPIO_setDirectionMode                    
0     00008195  GPIO_setPinConfig                        
0     000081cc  GPIO_setQualificationMode                
0     0000839c  Interrupt_defaultHandler                 
0     00008452  Interrupt_illegalOperationHandler        
0     00008121  Interrupt_initModule                     
0     000082ff  Interrupt_initVectorTable                
0     0000845c  Interrupt_nmiHandler                     
0     00000123  SysCtl_delay                             
0     00008088  SysCtl_getClock                          
0     0000b793  SysCtl_getDeviceParametric               
0     00008354  SysCtl_getLowSpeedClock                  
0     000080d9  SysCtl_selectOscSource                   
0     0000b703  SysCtl_selectXTAL                        
0     0000b3ff  SysCtl_setClock                          
0     00000146  __TI_CINIT_Base                          
0     0000014a  __TI_CINIT_Limit                         
0     0000014a  __TI_CINIT_Warm                          
0     00000142  __TI_Handler_Table_Base                  
0     00000146  __TI_Handler_Table_Limit                 
1     00000500  __TI_STACK_END                           
abs   00000100  __TI_STACK_SIZE                          
0     00008264  __TI_auto_init_nobinit_nopinit           
1     0000a9b6  __TI_cleanup_ptr                         
0     00008234  __TI_decompress_lzss                     
0     00008480  __TI_decompress_none                     
1     0000a9b8  __TI_dtors_ptr                           
1     0000a9b4  __TI_enable_exit_profile_output          
abs   ffffffff  __TI_pprof_out_hndl                      
abs   ffffffff  __TI_prof_data_size                      
abs   ffffffff  __TI_prof_data_start                     
0     00008000  __c28xabi_divf                           
n/a   UNDEFED   __c_args__                               
0     0000b3ed  __error__                                
1     00000400  __stack                                  
0     0000843b  _args_main                               
0     00008385  _c_int00                                 
1     0000a9ba  _lock                                    
0     00008477  _nop                                     
0     00008473  _register_lock                           
0     0000846f  _register_unlock                         
0     0000b7fd  _system_post_cinit                       
0     0000b7fb  _system_pre_init                         
1     0000a9bc  _unlock                                  
0     0000828f  abort                                    
0     00000000  code_start                               
0     00008291  exit                                     
1     0000a9a2  g_converterState                         
1     0000a9a3  g_faultFlags                             
1     0000a9ac  g_operationCounter                       
0     000083b2  main                                     
0     0000831d  memcpy                                   


GLOBAL SYMBOLS: SORTED BY Symbol Address 

page  address   name                                     
----  -------   ----                                     
0     00000000  code_start                               
0     00000123  SysCtl_delay                             
0     00000142  __TI_Handler_Table_Base                  
0     00000146  __TI_CINIT_Base                          
0     00000146  __TI_Handler_Table_Limit                 
0     0000014a  __TI_CINIT_Limit                         
0     0000014a  __TI_CINIT_Warm                          
0     00008000  __c28xabi_divf                           
0     00008088  SysCtl_getClock                          
0     000080d9  SysCtl_selectOscSource                   
0     00008121  Interrupt_initModule                     
0     0000815e  GPIO_setControllerCore                   
0     00008195  GPIO_setPinConfig                        
0     000081cc  GPIO_setQualificationMode                
0     00008203  GPIO_setDirectionMode                    
0     00008234  __TI_decompress_lzss                     
0     00008264  __TI_auto_init_nobinit_nopinit           
0     0000828f  C$$EXIT                                  
0     0000828f  abort                                    
0     00008291  exit                                     
0     000082ff  Interrupt_initVectorTable                
0     0000831d  memcpy                                   
0     00008354  SysCtl_getLowSpeedClock                  
0     00008385  _c_int00                                 
0     0000839c  Interrupt_defaultHandler                 
0     000083b2  main                                     
0     0000843b  _args_main                               
0     00008452  Interrupt_illegalOperationHandler        
0     0000845c  Interrupt_nmiHandler                     
0     0000846f  _register_unlock                         
0     00008473  _register_lock                           
0     00008477  _nop                                     
0     00008480  __TI_decompress_none                     
0     0000b0ae  Device_init                              
0     0000b0f0  Device_enableAllPeripherals              
0     0000b1db  Device_initGPIO                          
0     0000b1fc  Device_enableUnbondedGPIOPullupsFor176Pin
0     0000b20f  Device_enableUnbondedGPIOPullupsFor100Pin
0     0000b22c  Device_enableUnbondedGPIOPullups         
0     0000b242  Device_configureTMXAnalogTrim            
0     0000b273  Device_bootCPU2                          
0     0000b3ed  __error__                                
0     0000b3f4  Example_setResultPass                    
0     0000b3f9  Example_setResultFail                    
0     0000b3fe  Example_done                             
0     0000b3ff  SysCtl_setClock                          
0     0000b608  FSM_Init                                 
0     0000b616  FSM_RunCycle                             
0     0000b703  SysCtl_selectXTAL                        
0     0000b793  SysCtl_getDeviceParametric               
0     0000b7fb  _system_pre_init                         
0     0000b7fd  _system_post_cinit                       
1     00000400  __stack                                  
1     00000500  __TI_STACK_END                           
1     0000a9a2  g_converterState                         
1     0000a9a3  g_faultFlags                             
1     0000a9ac  g_operationCounter                       
1     0000a9ae  Example_Result                           
1     0000a9b0  Example_PassCount                        
1     0000a9b2  Example_Fail                             
1     0000a9b4  __TI_enable_exit_profile_output          
1     0000a9b6  __TI_cleanup_ptr                         
1     0000a9b8  __TI_dtors_ptr                           
1     0000a9ba  _lock                                    
1     0000a9bc  _unlock                                  
abs   00000100  __TI_STACK_SIZE                          
abs   ffffffff  __TI_pprof_out_hndl                      
abs   ffffffff  __TI_prof_data_size                      
abs   ffffffff  __TI_prof_data_start                     
n/a   UNDEFED   __c_args__                               

[70 symbols]
